// Jest Snapshot v1, https://goo.gl/fbAQLP

exports[`Form tests matches snaphot 1`] = `
Object {
  "asFragment": [Function],
  "baseElement": <body>
    <div>
      <div
        class="chatInput"
      >
        <form>
          <input
            class="chatInput2"
            required=""
            type="text"
            value=""
          />
          <button
            class="chatSubmit"
            type="submit"
          >
            <svg
              aria-hidden="true"
              class="MuiSvgIcon-root MuiSvgIcon-fontSizeMedium css-1cyjex-MuiSvgIcon-root"
              data-testid="SendIcon"
              focusable="false"
              viewBox="0 0 24 24"
            >
              <path
                d="M2.01 21 23 12 2.01 3 2 10l15 2-15 2z"
              />
            </svg>
          </button>
        </form>
      </div>
    </div>
  </body>,
  "container": <div>
    <div
      class="chatInput"
    >
      <form>
        <input
          class="chatInput2"
          required=""
          type="text"
          value=""
        />
        <button
          class="chatSubmit"
          type="submit"
        >
          <svg
            aria-hidden="true"
            class="MuiSvgIcon-root MuiSvgIcon-fontSizeMedium css-1cyjex-MuiSvgIcon-root"
            data-testid="SendIcon"
            focusable="false"
            viewBox="0 0 24 24"
          >
            <path
              d="M2.01 21 23 12 2.01 3 2 10l15 2-15 2z"
            />
          </svg>
        </button>
      </form>
    </div>
  </div>,
  "debug": [Function],
  "findAllByAltText": [Function],
  "findAllByDisplayValue": [Function],
  "findAllByLabelText": [Function],
  "findAllByPlaceholderText": [Function],
  "findAllByRole": [Function],
  "findAllByTestId": [Function],
  "findAllByText": [Function],
  "findAllByTitle": [Function],
  "findByAltText": [Function],
  "findByDisplayValue": [Function],
  "findByLabelText": [Function],
  "findByPlaceholderText": [Function],
  "findByRole": [Function],
  "findByTestId": [Function],
  "findByText": [Function],
  "findByTitle": [Function],
  "getAllByAltText": [Function],
  "getAllByDisplayValue": [Function],
  "getAllByLabelText": [Function],
  "getAllByPlaceholderText": [Function],
  "getAllByRole": [Function],
  "getAllByTestId": [Function],
  "getAllByText": [Function],
  "getAllByTitle": [Function],
  "getByAltText": [Function],
  "getByDisplayValue": [Function],
  "getByLabelText": [Function],
  "getByPlaceholderText": [Function],
  "getByRole": [Function],
  "getByTestId": [Function],
  "getByText": [Function],
  "getByTitle": [Function],
  "queryAllByAltText": [Function],
  "queryAllByDisplayValue": [Function],
  "queryAllByLabelText": [Function],
  "queryAllByPlaceholderText": [Function],
  "queryAllByRole": [Function],
  "queryAllByTestId": [Function],
  "queryAllByText": [Function],
  "queryAllByTitle": [Function],
  "queryByAltText": [Function],
  "queryByDisplayValue": [Function],
  "queryByLabelText": [Function],
  "queryByPlaceholderText": [Function],
  "queryByRole": [Function],
  "queryByTestId": [Function],
  "queryByText": [Function],
  "queryByTitle": [Function],
  "rerender": [Function],
  "unmount": [Function],
}
`;
